// Vitest Snapshot v1, https://vitest.dev/guide/snapshot.html

exports[`CSP exported items 1`] = `
{
  "DIRECTIVE_BASE_URI": "base-uri",
  "DIRECTIVE_CHILD_SRC": "child-src",
  "DIRECTIVE_CONNECT_SRC": "connect-src",
  "DIRECTIVE_DEFAULT_SRC": "default-src",
  "DIRECTIVE_FONT_SRC": "font-src",
  "DIRECTIVE_FORM_ACTION": "form-action",
  "DIRECTIVE_FRAME_ANCESTORS": "frame-ancestors",
  "DIRECTIVE_FRAME_SRC": "frame-src",
  "DIRECTIVE_IMG_SRC": "img-src",
  "DIRECTIVE_MANIFEST_SRC": "manifest-src",
  "DIRECTIVE_MEDIA_SRC": "media-src",
  "DIRECTIVE_OBJECT_SRC": "object-src",
  "DIRECTIVE_PREFETCH_SRC": "prefetch-src",
  "DIRECTIVE_REPORT_TO": "report-to",
  "DIRECTIVE_REPORT_URI": "report-uri",
  "DIRECTIVE_SANDBOX": "sandbox",
  "DIRECTIVE_SCRIPT_SRC": "script-src",
  "DIRECTIVE_SCRIPT_SRC_ATTR": "script-src-attr",
  "DIRECTIVE_SCRIPT_SRC_ELEM": "script-src-elem",
  "DIRECTIVE_STYLE_SRC": "style-src",
  "DIRECTIVE_STYLE_SRC_ATTR": "style-src-attr",
  "DIRECTIVE_STYLE_SRC_ELEM": "style-src-elem",
  "DIRECTIVE_UPGRADE_INSECURE_REQUESTS": "upgrade-insecure-requests",
  "DIRECTIVE_WORKER_SRC": "worker-src",
  "SOURCE_ALLOW_REDIRECTS": "'unsafe-allow-redirects'",
  "SOURCE_NONE": "'none'",
  "SOURCE_REPORT_SAMPLE": "'report-sample'",
  "SOURCE_SELF": "'self'",
  "SOURCE_STRICT_DYNAMIC": "'strict-dynamic'",
  "SOURCE_UNSAFE_EVAL": "'unsafe-eval'",
  "SOURCE_UNSAFE_HASHES": "'unsafe-hashes'",
  "SOURCE_UNSAFE_INLINE": "'unsafe-inline'",
  "SOURCE_WASM_UNSAFE_EVAL": "'wasm-unsafe-eval'",
  "hashSource": [Function],
  "hostSource": [Function],
  "nonceSource": [Function],
  "schemeSource": [Function],
  "serializeDirective": [Function],
  "serializePolicy": [Function],
  "serializeSourceList": [Function],
  "uriReference": [Function],
}
`;
