// Vitest Snapshot v1, https://vitest.dev/guide/snapshot.html

exports[`Auth exported items 1`] = `
{
  "bearerAuthValue": [Function],
}
`;
