// Vitest Snapshot v1, https://vitest.dev/guide/snapshot.html

exports[`SecFetchUser exported items 1`] = `
{
  "TRUE": "?1",
}
`;
